==2380480==    by 0x489DC7E: rl_redisplay (in /usr/lib/x86_64-linux-gnu/libreadline.so.8.1)
==2380480==    by 0x4888458: readline_internal_setup (in /usr/lib/x86_64-linux-gnu/libreadline.so.8.1)
==2380480==    by 0x4892CF8: readline (in /usr/lib/x86_64-linux-gnu/libreadline.so.8.1)
==2380480==    by 0x40439A: minishell (minishell_initiate.c:48)
==2380480==    by 0x40136A: main (main.c:45)
==2380480== 
==2380480== 1,024 bytes in 1 blocks are still reachable in loss record 35 of 66
==2380480==    at 0x4848899: malloc (in /usr/libexec/valgrind/vgpreload_memcheck-amd64-linux.so)
==2380480==    by 0x48AABAC: xmalloc (in /usr/lib/x86_64-linux-gnu/libreadline.so.8.1)
==2380480==    by 0x4894DDA: ??? (in /usr/lib/x86_64-linux-gnu/libreadline.so.8.1)
==2380480==    by 0x489DC7E: rl_redisplay (in /usr/lib/x86_64-linux-gnu/libreadline.so.8.1)
==2380480==    by 0x4888458: readline_internal_setup (in /usr/lib/x86_64-linux-gnu/libreadline.so.8.1)
==2380480==    by 0x4892CF8: readline (in /usr/lib/x86_64-linux-gnu/libreadline.so.8.1)
==2380480==    by 0x40439A: minishell (minishell_initiate.c:48)
==2380480==    by 0x40136A: main (main.c:45)
==2380480== 
==2380480== 1,024 bytes in 1 blocks are still reachable in loss record 36 of 66
==2380480==    at 0x4848899: malloc (in /usr/libexec/valgrind/vgpreload_memcheck-amd64-linux.so)
==2380480==    by 0x48AABAC: xmalloc (in /usr/lib/x86_64-linux-gnu/libreadline.so.8.1)
==2380480==    by 0x4894DE8: ??? (in /usr/lib/x86_64-linux-gnu/libreadline.so.8.1)
==2380480==    by 0x489DC7E: rl_redisplay (in /usr/lib/x86_64-linux-gnu/libreadline.so.8.1)
==2380480==    by 0x4888458: readline_internal_setup (in /usr/lib/x86_64-linux-gnu/libreadline.so.8.1)
==2380480==    by 0x4892CF8: readline (in /usr/lib/x86_64-linux-gnu/libreadline.so.8.1)
==2380480==    by 0x40439A: minishell (minishell_initiate.c:48)
==2380480==    by 0x40136A: main (main.c:45)
==2380480== 
==2380480== 1,024 bytes in 1 blocks are still reachable in loss record 37 of 66
==2380480==    at 0x4848899: malloc (in /usr/libexec/valgrind/vgpreload_memcheck-amd64-linux.so)
==2380480==    by 0x48AABAC: xmalloc (in /usr/lib/x86_64-linux-gnu/libreadline.so.8.1)
==2380480==    by 0x4894DF6: ??? (in /usr/lib/x86_64-linux-gnu/libreadline.so.8.1)
==2380480==    by 0x489DC7E: rl_redisplay (in /usr/lib/x86_64-linux-gnu/libreadline.so.8.1)
==2380480==    by 0x4888458: readline_internal_setup (in /usr/lib/x86_64-linux-gnu/libreadline.so.8.1)
==2380480==    by 0x4892CF8: readline (in /usr/lib/x86_64-linux-gnu/libreadline.so.8.1)
==2380480==    by 0x40439A: minishell (minishell_initiate.c:48)
==2380480==    by 0x40136A: main (main.c:45)
==2380480== 
==2380480== 1,536 bytes in 1 blocks are still reachable in loss record 38 of 66
==2380480==    at 0x484DCD3: realloc (in /usr/libexec/valgrind/vgpreload_memcheck-amd64-linux.so)
==2380480==    by 0x48AB491: xrealloc (in /usr/lib/x86_64-linux-gnu/libreadline.so.8.1)
==2380480==    by 0x4888877: rl_add_funmap_entry (in /usr/lib/x86_64-linux-gnu/libreadline.so.8.1)
==2380480==    by 0x48888C8: rl_initialize_funmap (in /usr/lib/x86_64-linux-gnu/libreadline.so.8.1)
==2380480==    by 0x4892A2C: rl_initialize (in /usr/lib/x86_64-linux-gnu/libreadline.so.8.1)
==2380480==    by 0x4892CD4: readline (in /usr/lib/x86_64-linux-gnu/libreadline.so.8.1)
==2380480==    by 0x40439A: minishell (minishell_initiate.c:48)
==2380480==    by 0x40136A: main (main.c:45)
==2380480== 
==2380480== 1,664 bytes in 1 blocks are still reachable in loss record 39 of 66
==2380480==    at 0x4848899: malloc (in /usr/libexec/valgrind/vgpreload_memcheck-amd64-linux.so)
==2380480==    by 0x4B08ACD: _nc_read_termtype (in /usr/lib/x86_64-linux-gnu/libtinfo.so.6.3)
==2380480==    by 0x4B0952A: ??? (in /usr/lib/x86_64-linux-gnu/libtinfo.so.6.3)
==2380480==    by 0x4B0BC40: ??? (in /usr/lib/x86_64-linux-gnu/libtinfo.so.6.3)
==2380480==    by 0x4B096BB: _nc_read_entry2 (in /usr/lib/x86_64-linux-gnu/libtinfo.so.6.3)
==2380480==    by 0x4B09711: ??? (in /usr/lib/x86_64-linux-gnu/libtinfo.so.6.3)
==2380480==    by 0x4B09866: _nc_setupterm (in /usr/lib/x86_64-linux-gnu/libtinfo.so.6.3)
==2380480==    by 0x4B0A4C9: tgetent_sp (in /usr/lib/x86_64-linux-gnu/libtinfo.so.6.3)
==2380480==    by 0x48A61CD: _rl_init_terminal_io (in /usr/lib/x86_64-linux-gnu/libreadline.so.8.1)
==2380480==    by 0x4892A0F: rl_initialize (in /usr/lib/x86_64-linux-gnu/libreadline.so.8.1)
==2380480==    by 0x4892CD4: readline (in /usr/lib/x86_64-linux-gnu/libreadline.so.8.1)
==2380480==    by 0x40439A: minishell (minishell_initiate.c:48)
==2380480== 
==2380480== 2,032 bytes in 1 blocks are still reachable in loss record 40 of 66
==2380480==    at 0x4848899: malloc (in /usr/libexec/valgrind/vgpreload_memcheck-amd64-linux.so)
==2380480==    by 0x48AABAC: xmalloc (in /usr/lib/x86_64-linux-gnu/libreadline.so.8.1)
==2380480==    by 0x48A6419: _rl_init_terminal_io (in /usr/lib/x86_64-linux-gnu/libreadline.so.8.1)
==2380480==    by 0x4892A0F: rl_initialize (in /usr/lib/x86_64-linux-gnu/libreadline.so.8.1)
==2380480==    by 0x4892CD4: readline (in /usr/lib/x86_64-linux-gnu/libreadline.so.8.1)
==2380480==    by 0x40439A: minishell (minishell_initiate.c:48)
==2380480==    by 0x40136A: main (main.c:45)
==2380480== 
==2380480== 2,240 bytes in 140 blocks are still reachable in loss record 41 of 66
==2380480==    at 0x4848899: malloc (in /usr/libexec/valgrind/vgpreload_memcheck-amd64-linux.so)
==2380480==    by 0x48AABAC: xmalloc (in /usr/lib/x86_64-linux-gnu/libreadline.so.8.1)
==2380480==    by 0x4888822: rl_add_funmap_entry (in /usr/lib/x86_64-linux-gnu/libreadline.so.8.1)
==2380480==    by 0x48888C8: rl_initialize_funmap (in /usr/lib/x86_64-linux-gnu/libreadline.so.8.1)
==2380480==    by 0x4892A2C: rl_initialize (in /usr/lib/x86_64-linux-gnu/libreadline.so.8.1)
==2380480==    by 0x4892CD4: readline (in /usr/lib/x86_64-linux-gnu/libreadline.so.8.1)
==2380480==    by 0x40439A: minishell (minishell_initiate.c:48)
==2380480==    by 0x40136A: main (main.c:45)
==2380480== 
==2380480== 3,904 bytes in 1 blocks are still reachable in loss record 42 of 66
==2380480==    at 0x484DCD3: realloc (in /usr/libexec/valgrind/vgpreload_memcheck-amd64-linux.so)
==2380480==    by 0x4AFE6CC: _nc_doalloc (in /usr/lib/x86_64-linux-gnu/libtinfo.so.6.3)
==2380480==    by 0x4B091B5: _nc_read_termtype (in /usr/lib/x86_64-linux-gnu/libtinfo.so.6.3)
==2380480==    by 0x4B0952A: ??? (in /usr/lib/x86_64-linux-gnu/libtinfo.so.6.3)
==2380480==    by 0x4B0BC40: ??? (in /usr/lib/x86_64-linux-gnu/libtinfo.so.6.3)
==2380480==    by 0x4B096BB: _nc_read_entry2 (in /usr/lib/x86_64-linux-gnu/libtinfo.so.6.3)
==2380480==    by 0x4B09711: ??? (in /usr/lib/x86_64-linux-gnu/libtinfo.so.6.3)
==2380480==    by 0x4B09866: _nc_setupterm (in /usr/lib/x86_64-linux-gnu/libtinfo.so.6.3)
==2380480==    by 0x4B0A4C9: tgetent_sp (in /usr/lib/x86_64-linux-gnu/libtinfo.so.6.3)
==2380480==    by 0x48A61CD: _rl_init_terminal_io (in /usr/lib/x86_64-linux-gnu/libreadline.so.8.1)
==2380480==    by 0x4892A0F: rl_initialize (in /usr/lib/x86_64-linux-gnu/libreadline.so.8.1)
==2380480==    by 0x4892CD4: readline (in /usr/lib/x86_64-linux-gnu/libreadline.so.8.1)
==2380480== 
==2380480== 3,904 bytes in 1 blocks are still reachable in loss record 43 of 66
==2380480==    at 0x4848899: malloc (in /usr/libexec/valgrind/vgpreload_memcheck-amd64-linux.so)
==2380480==    by 0x4AFDFFF: ??? (in /usr/lib/x86_64-linux-gnu/libtinfo.so.6.3)
==2380480==    by 0x4B0987D: _nc_setupterm (in /usr/lib/x86_64-linux-gnu/libtinfo.so.6.3)
==2380480==    by 0x4B0A4C9: tgetent_sp (in /usr/lib/x86_64-linux-gnu/libtinfo.so.6.3)
==2380480==    by 0x48A61CD: _rl_init_terminal_io (in /usr/lib/x86_64-linux-gnu/libreadline.so.8.1)
==2380480==    by 0x4892A0F: rl_initialize (in /usr/lib/x86_64-linux-gnu/libreadline.so.8.1)
==2380480==    by 0x4892CD4: readline (in /usr/lib/x86_64-linux-gnu/libreadline.so.8.1)
==2380480==    by 0x40439A: minishell (minishell_initiate.c:48)
==2380480==    by 0x40136A: main (main.c:45)
==2380480== 
==2380480== 4,016 bytes in 1 blocks are still reachable in loss record 44 of 66
==2380480==    at 0x4848899: malloc (in /usr/libexec/valgrind/vgpreload_memcheck-amd64-linux.so)
==2380480==    by 0x48AABAC: xmalloc (in /usr/lib/x86_64-linux-gnu/libreadline.so.8.1)
==2380480==    by 0x48A3FD6: add_history (in /usr/lib/x86_64-linux-gnu/libreadline.so.8.1)
==2380480==    by 0x404318: initiate_minishell (minishell_initiate.c:28)
==2380480==    by 0x4043F3: minishell (minishell_initiate.c:56)
==2380480==    by 0x40136A: main (main.c:45)
==2380480== 
==2380480== 4,080 bytes in 1 blocks are still reachable in loss record 45 of 66
==2380480==    at 0x4848899: malloc (in /usr/libexec/valgrind/vgpreload_memcheck-amd64-linux.so)
==2380480==    by 0x48AABAC: xmalloc (in /usr/lib/x86_64-linux-gnu/libreadline.so.8.1)
==2380480==    by 0x48A63F9: _rl_init_terminal_io (in /usr/lib/x86_64-linux-gnu/libreadline.so.8.1)
==2380480==    by 0x4892A0F: rl_initialize (in /usr/lib/x86_64-linux-gnu/libreadline.so.8.1)
==2380480==    by 0x4892CD4: readline (in /usr/lib/x86_64-linux-gnu/libreadline.so.8.1)
==2380480==    by 0x40439A: minishell (minishell_initiate.c:48)
==2380480==    by 0x40136A: main (main.c:45)
==2380480== 
==2380480== 4,112 bytes in 1 blocks are still reachable in loss record 46 of 66
==2380480==    at 0x4848899: malloc (in /usr/libexec/valgrind/vgpreload_memcheck-amd64-linux.so)
==2380480==    by 0x48AABAC: xmalloc (in /usr/lib/x86_64-linux-gnu/libreadline.so.8.1)
==2380481== Checked 246,840 bytes
==2380480==    by 0x4887251: rl_make_bare_keymap (in /usr/lib/x86_64-linux-gnu/libreadline.so.8.1)
==2380481== 
==2380480==    by 0x4887B6A: rl_generic_bind (in /usr/lib/x86_64-linux-gnu/libreadline.so.8.1)
==2380480==    by 0x489275D: rl_bind_keyseq_if_unbound_in_map (in /usr/lib/x86_64-linux-gnu/libreadline.so.8.1)
==2380480==    by 0x48A5DD5: ??? (in /usr/lib/x86_64-linux-gnu/libreadline.so.8.1)
==2380480==    by 0x48A631F: _rl_init_terminal_io (in /usr/lib/x86_64-linux-gnu/libreadline.so.8.1)
==2380480==    by 0x4892A0F: rl_initialize (in /usr/lib/x86_64-linux-gnu/libreadline.so.8.1)
==2380480==    by 0x4892CD4: readline (in /usr/lib/x86_64-linux-gnu/libreadline.so.8.1)
==2380480==    by 0x40439A: minishell (minishell_initiate.c:48)
==2380480==    by 0x40136A: main (main.c:45)
==2380480== 
==2380480== 4,112 bytes in 1 blocks are still reachable in loss record 47 of 66
==2380480==    at 0x4848899: malloc (in /usr/libexec/valgrind/vgpreload_memcheck-amd64-linux.so)
==2380480==    by 0x48AABAC: xmalloc (in /usr/lib/x86_64-linux-gnu/libreadline.so.8.1)
==2380480==    by 0x4887251: rl_make_bare_keymap (in /usr/lib/x86_64-linux-gnu/libreadline.so.8.1)
==2380481== 8 bytes in 1 blocks are still reachable in loss record 1 of 66
==2380480==    by 0x4887B6A: rl_generic_bind (in /usr/lib/x86_64-linux-gnu/libreadline.so.8.1)
==2380480==    by 0x489275D: rl_bind_keyseq_if_unbound_in_map (in /usr/lib/x86_64-linux-gnu/libreadline.so.8.1)
==2380480==    by 0x48A5E5A: ??? (in /usr/lib/x86_64-linux-gnu/libreadline.so.8.1)
==2380480==    by 0x48A631F: _rl_init_terminal_io (in /usr/lib/x86_64-linux-gnu/libreadline.so.8.1)
==2380480==    by 0x4892A0F: rl_initialize (in /usr/lib/x86_64-linux-gnu/libreadline.so.8.1)
==2380481==    at 0x4848899: malloc (in /usr/libexec/valgrind/vgpreload_memcheck-amd64-linux.so)
==2380480==    by 0x4892CD4: readline (in /usr/lib/x86_64-linux-gnu/libreadline.so.8.1)
==2380481==    by 0x48AB4A7: xrealloc (in /usr/lib/x86_64-linux-gnu/libreadline.so.8.1)
==2380480==    by 0x40439A: minishell (minishell_initiate.c:48)
==2380481==    by 0x48977F6: ??? (in /usr/lib/x86_64-linux-gnu/libreadline.so.8.1)
==2380480==    by 0x40136A: main (main.c:45)
==2380481==    by 0x4897E0D: rl_expand_prompt (in /usr/lib/x86_64-linux-gnu/libreadline.so.8.1)
==2380480== 
==2380481==    by 0x48871BF: rl_set_prompt (in /usr/lib/x86_64-linux-gnu/libreadline.so.8.1)
==2380481==    by 0x4892CCF: readline (in /usr/lib/x86_64-linux-gnu/libreadline.so.8.1)
==2380480== 4,112 bytes in 1 blocks are still reachable in loss record 48 of 66
==2380481==    by 0x40439A: minishell (minishell_initiate.c:48)
==2380480==    at 0x4848899: malloc (in /usr/libexec/valgrind/vgpreload_memcheck-amd64-linux.so)
==2380481==    by 0x40136A: main (main.c:45)
==2380480==    by 0x48AABAC: xmalloc (in /usr/lib/x86_64-linux-gnu/libreadline.so.8.1)
==2380481== 
==2380480==    by 0x4887251: rl_make_bare_keymap (in /usr/lib/x86_64-linux-gnu/libreadline.so.8.1)
==2380480==    by 0x4887B6A: rl_generic_bind (in /usr/lib/x86_64-linux-gnu/libreadline.so.8.1)
==2380480==    by 0x489275D: rl_bind_keyseq_if_unbound_in_map (in /usr/lib/x86_64-linux-gnu/libreadline.so.8.1)
==2380481== 8 bytes in 1 blocks are still reachable in loss record 2 of 66
==2380480==    by 0x48A5E5A: ??? (in /usr/lib/x86_64-linux-gnu/libreadline.so.8.1)
==2380481==    at 0x4848899: malloc (in /usr/libexec/valgrind/vgpreload_memcheck-amd64-linux.so)
==2380480==    by 0x48A632B: _rl_init_terminal_io (in /usr/lib/x86_64-linux-gnu/libreadline.so.8.1)
==2380481==    by 0x496D58E: strdup (strdup.c:42)
==2380480==    by 0x4892A0F: rl_initialize (in /usr/lib/x86_64-linux-gnu/libreadline.so.8.1)
==2380481==    by 0x4B0BD17: _nc_trim_sgr0 (in /usr/lib/x86_64-linux-gnu/libtinfo.so.6.3)
==2380480==    by 0x4892CD4: readline (in /usr/lib/x86_64-linux-gnu/libreadline.so.8.1)
==2380481==    by 0x4B0A6A8: tgetent_sp (in /usr/lib/x86_64-linux-gnu/libtinfo.so.6.3)
==2380480==    by 0x40439A: minishell (minishell_initiate.c:48)
==2380481==    by 0x48A61CD: _rl_init_terminal_io (in /usr/lib/x86_64-linux-gnu/libreadline.so.8.1)
==2380480==    by 0x40136A: main (main.c:45)
==2380481==    by 0x4892A0F: rl_initialize (in /usr/lib/x86_64-linux-gnu/libreadline.so.8.1)
==2380480== 
==2380481==    by 0x4892CD4: readline (in /usr/lib/x86_64-linux-gnu/libreadline.so.8.1)
==2380480== 4,112 bytes in 1 blocks are still reachable in loss record 49 of 66
==2380481==    by 0x40439A: minishell (minishell_initiate.c:48)
==2380480==    at 0x4848899: malloc (in /usr/libexec/valgrind/vgpreload_memcheck-amd64-linux.so)
==2380481==    by 0x40136A: main (main.c:45)
==2380480==    by 0x48AABAC: xmalloc (in /usr/lib/x86_64-linux-gnu/libreadline.so.8.1)
==2380481== 
==2380480==    by 0x4887251: rl_make_bare_keymap (in /usr/lib/x86_64-linux-gnu/libreadline.so.8.1)
==2380480==    by 0x4887B6A: rl_generic_bind (in /usr/lib/x86_64-linux-gnu/libreadline.so.8.1)
==2380481== 12 bytes in 1 blocks are still reachable in loss record 3 of 66
==2380480==    by 0x489275D: rl_bind_keyseq_if_unbound_in_map (in /usr/lib/x86_64-linux-gnu/libreadline.so.8.1)
==2380481==    at 0x4848899: malloc (in /usr/libexec/valgrind/vgpreload_memcheck-amd64-linux.so)
==2380480==    by 0x48A5E5A: ??? (in /usr/lib/x86_64-linux-gnu/libreadline.so.8.1)
==2380481==    by 0x48AABAC: xmalloc (in /usr/lib/x86_64-linux-gnu/libreadline.so.8.1)
==2380480==    by 0x48A6337: _rl_init_terminal_io (in /usr/lib/x86_64-linux-gnu/libreadline.so.8.1)
==2380481==    by 0x48A3F28: add_history (in /usr/lib/x86_64-linux-gnu/libreadline.so.8.1)
==2380480==    by 0x4892A0F: rl_initialize (in /usr/lib/x86_64-linux-gnu/libreadline.so.8.1)
==2380481==    by 0x404318: initiate_minishell (minishell_initiate.c:28)
==2380480==    by 0x4892CD4: readline (in /usr/lib/x86_64-linux-gnu/libreadline.so.8.1)
==2380481==    by 0x4043F3: minishell (minishell_initiate.c:56)
==2380480==    by 0x40439A: minishell (minishell_initiate.c:48)
==2380481==    by 0x40136A: main (main.c:45)
==2380480==    by 0x40136A: main (main.c:45)
==2380481== 
==2380480== 
==2380481== 13 bytes in 1 blocks are still reachable in loss record 4 of 66
==2380480== 4,112 bytes in 1 blocks are still reachable in loss record 50 of 66
==2380481==    at 0x4848899: malloc (in /usr/libexec/valgrind/vgpreload_memcheck-amd64-linux.so)
==2380480==    at 0x4848899: malloc (in /usr/libexec/valgrind/vgpreload_memcheck-amd64-linux.so)
==2380481==    by 0x48AABAC: xmalloc (in /usr/lib/x86_64-linux-gnu/libreadline.so.8.1)
==2380480==    by 0x48AABAC: xmalloc (in /usr/lib/x86_64-linux-gnu/libreadline.so.8.1)
==2380481==    by 0x48871E3: rl_set_prompt (in /usr/lib/x86_64-linux-gnu/libreadline.so.8.1)
==2380480==    by 0x4887251: rl_make_bare_keymap (in /usr/lib/x86_64-linux-gnu/libreadline.so.8.1)
==2380481==    by 0x4892CCF: readline (in /usr/lib/x86_64-linux-gnu/libreadline.so.8.1)
==2380480==    by 0x4887B6A: rl_generic_bind (in /usr/lib/x86_64-linux-gnu/libreadline.so.8.1)
==2380481==    by 0x40439A: minishell (minishell_initiate.c:48)
==2380480==    by 0x489275D: rl_bind_keyseq_if_unbound_in_map (in /usr/lib/x86_64-linux-gnu/libreadline.so.8.1)
==2380481==    by 0x40136A: main (main.c:45)
==2380480==    by 0x489294C: ??? (in /usr/lib/x86_64-linux-gnu/libreadline.so.8.1)
==2380481== 
==2380480==    by 0x4892A84: rl_initialize (in /usr/lib/x86_64-linux-gnu/libreadline.so.8.1)
==2380480==    by 0x4892CD4: readline (in /usr/lib/x86_64-linux-gnu/libreadline.so.8.1)
==2380481== 13 bytes in 1 blocks are still reachable in loss record 5 of 66
==2380480==    by 0x40439A: minishell (minishell_initiate.c:48)
==2380481==    at 0x4848899: malloc (in /usr/libexec/valgrind/vgpreload_memcheck-amd64-linux.so)
==2380480==    by 0x40136A: main (main.c:45)
==2380481==    by 0x48AABAC: xmalloc (in /usr/lib/x86_64-linux-gnu/libreadline.so.8.1)
==2380480== 
==2380481==    by 0x4897C7F: ??? (in /usr/lib/x86_64-linux-gnu/libreadline.so.8.1)
==2380481==    by 0x4897E0D: rl_expand_prompt (in /usr/lib/x86_64-linux-gnu/libreadline.so.8.1)
==2380480== 4,112 bytes in 1 blocks are still reachable in loss record 51 of 66
==2380481==    by 0x48871BF: rl_set_prompt (in /usr/lib/x86_64-linux-gnu/libreadline.so.8.1)
==2380480==    at 0x4848899: malloc (in /usr/libexec/valgrind/vgpreload_memcheck-amd64-linux.so)
==2380481==    by 0x4892CCF: readline (in /usr/lib/x86_64-linux-gnu/libreadline.so.8.1)
==2380480==    by 0x48AABAC: xmalloc (in /usr/lib/x86_64-linux-gnu/libreadline.so.8.1)
==2380481==    by 0x40439A: minishell (minishell_initiate.c:48)
==2380480==    by 0x4887251: rl_make_bare_keymap (in /usr/lib/x86_64-linux-gnu/libreadline.so.8.1)
==2380481==    by 0x40136A: main (main.c:45)
==2380480==    by 0x4887B6A: rl_generic_bind (in /usr/lib/x86_64-linux-gnu/libreadline.so.8.1)
==2380481== 
==2380480==    by 0x489275D: rl_bind_keyseq_if_unbound_in_map (in /usr/lib/x86_64-linux-gnu/libreadline.so.8.1)
==2380481== 13 bytes in 1 blocks are still reachable in loss record 6 of 66
==2380480==    by 0x489294C: ??? (in /usr/lib/x86_64-linux-gnu/libreadline.so.8.1)
==2380481==    at 0x4848899: malloc (in /usr/libexec/valgrind/vgpreload_memcheck-amd64-linux.so)
==2380480==    by 0x4892A93: rl_initialize (in /usr/lib/x86_64-linux-gnu/libreadline.so.8.1)
==2380481==    by 0x48AABAC: xmalloc (in /usr/lib/x86_64-linux-gnu/libreadline.so.8.1)
==2380480==    by 0x4892CD4: readline (in /usr/lib/x86_64-linux-gnu/libreadline.so.8.1)
==2380481==    by 0x4898BF5: ??? (in /usr/lib/x86_64-linux-gnu/libreadline.so.8.1)
==2380480==    by 0x40439A: minishell (minishell_initiate.c:48)
==2380481==    by 0x4892A38: rl_initialize (in /usr/lib/x86_64-linux-gnu/libreadline.so.8.1)
==2380480==    by 0x40136A: main (main.c:45)
==2380481==    by 0x4892CD4: readline (in /usr/lib/x86_64-linux-gnu/libreadline.so.8.1)
==2380480== 
==2380481==    by 0x40439A: minishell (minishell_initiate.c:48)
==2380481==    by 0x40136A: main (main.c:45)
==2380480== 4,112 bytes in 1 blocks are still reachable in loss record 52 of 66
==2380481== 
==2380480==    at 0x4848899: malloc (in /usr/libexec/valgrind/vgpreload_memcheck-amd64-linux.so)
==2380480==    by 0x48AABAC: xmalloc (in /usr/lib/x86_64-linux-gnu/libreadline.so.8.1)
==2380481== 14 bytes in 1 blocks are still reachable in loss record 7 of 66
==2380480==    by 0x4887251: rl_make_bare_keymap (in /usr/lib/x86_64-linux-gnu/libreadline.so.8.1)
==2380481==    at 0x484DCD3: realloc (in /usr/libexec/valgrind/vgpreload_memcheck-amd64-linux.so)
==2380480==    by 0x4887B6A: rl_generic_bind (in /usr/lib/x86_64-linux-gnu/libreadline.so.8.1)
==2380481==    by 0x4AFE6CC: _nc_doalloc (in /usr/lib/x86_64-linux-gnu/libtinfo.so.6.3)
==2380480==    by 0x489275D: rl_bind_keyseq_if_unbound_in_map (in /usr/lib/x86_64-linux-gnu/libreadline.so.8.1)
==2380481==    by 0x4B05272: _nc_tiparm (in /usr/lib/x86_64-linux-gnu/libtinfo.so.6.3)
==2380480==    by 0x489294C: ??? (in /usr/lib/x86_64-linux-gnu/libreadline.so.8.1)
==2380481==    by 0x4B0BC7D: ??? (in /usr/lib/x86_64-linux-gnu/libtinfo.so.6.3)
==2380480==    by 0x4892AB8: rl_initialize (in /usr/lib/x86_64-linux-gnu/libreadline.so.8.1)
==2380481==    by 0x4B0BD09: _nc_trim_sgr0 (in /usr/lib/x86_64-linux-gnu/libtinfo.so.6.3)
==2380480==    by 0x4892CD4: readline (in /usr/lib/x86_64-linux-gnu/libreadline.so.8.1)
==2380481==    by 0x4B0A6A8: tgetent_sp (in /usr/lib/x86_64-linux-gnu/libtinfo.so.6.3)
==2380480==    by 0x40439A: minishell (minishell_initiate.c:48)
==2380481==    by 0x48A61CD: _rl_init_terminal_io (in /usr/lib/x86_64-linux-gnu/libreadline.so.8.1)
==2380480==    by 0x40136A: main (main.c:45)
==2380481==    by 0x4892A0F: rl_initialize (in /usr/lib/x86_64-linux-gnu/libreadline.so.8.1)
==2380480== 
==2380481==    by 0x4892CD4: readline (in /usr/lib/x86_64-linux-gnu/libreadline.so.8.1)
==2380480== 7,952 bytes in 1 blocks are still reachable in loss record 53 of 66
==2380481==    by 0x40439A: minishell (minishell_initiate.c:48)
==2380480==    at 0x484DA83: calloc (in /usr/libexec/valgrind/vgpreload_memcheck-amd64-linux.so)
==2380481==    by 0x40136A: main (main.c:45)
==2380480==    by 0x4AFCC97: ??? (in /usr/lib/x86_64-linux-gnu/libtinfo.so.6.3)
==2380481== 
==2380480==    by 0x4AFE3AF: _nc_find_type_entry (in /usr/lib/x86_64-linux-gnu/libtinfo.so.6.3)
==2380480==    by 0x4B00E4C: tgetstr_sp (in /usr/lib/x86_64-linux-gnu/libtinfo.so.6.3)
==2380481== 15 bytes in 1 blocks are still reachable in loss record 8 of 66
==2380480==    by 0x48A621A: _rl_init_terminal_io (in /usr/lib/x86_64-linux-gnu/libreadline.so.8.1)
==2380481==    at 0x4848899: malloc (in /usr/libexec/valgrind/vgpreload_memcheck-amd64-linux.so)
==2380480==    by 0x4892A0F: rl_initialize (in /usr/lib/x86_64-linux-gnu/libreadline.so.8.1)
==2380481==    by 0x496D58E: strdup (strdup.c:42)
==2380480==    by 0x4892CD4: readline (in /usr/lib/x86_64-linux-gnu/libreadline.so.8.1)
==2380481==    by 0x4AFD377: ??? (in /usr/lib/x86_64-linux-gnu/libtinfo.so.6.3)
==2380480==    by 0x40439A: minishell (minishell_initiate.c:48)
==2380481==    by 0x4AFFBF8: _nc_first_db (in /usr/lib/x86_64-linux-gnu/libtinfo.so.6.3)
==2380480==    by 0x40136A: main (main.c:45)
==2380481==    by 0x4B09696: _nc_read_entry2 (in /usr/lib/x86_64-linux-gnu/libtinfo.so.6.3)
==2380480== 
==2380481==    by 0x4B09711: ??? (in /usr/lib/x86_64-linux-gnu/libtinfo.so.6.3)
==2380481==    by 0x4B09866: _nc_setupterm (in /usr/lib/x86_64-linux-gnu/libtinfo.so.6.3)
==2380480== 8,224 bytes in 2 blocks are still reachable in loss record 54 of 66
==2380481==    by 0x4B0A4C9: tgetent_sp (in /usr/lib/x86_64-linux-gnu/libtinfo.so.6.3)
==2380480==    at 0x4848899: malloc (in /usr/libexec/valgrind/vgpreload_memcheck-amd64-linux.so)
==2380481==    by 0x48A61CD: _rl_init_terminal_io (in /usr/lib/x86_64-linux-gnu/libreadline.so.8.1)
==2380480==    by 0x48AABAC: xmalloc (in /usr/lib/x86_64-linux-gnu/libreadline.so.8.1)
==2380481==    by 0x4892A0F: rl_initialize (in /usr/lib/x86_64-linux-gnu/libreadline.so.8.1)
==2380480==    by 0x4887251: rl_make_bare_keymap (in /usr/lib/x86_64-linux-gnu/libreadline.so.8.1)
==2380481==    by 0x4892CD4: readline (in /usr/lib/x86_64-linux-gnu/libreadline.so.8.1)
==2380480==    by 0x4887B6A: rl_generic_bind (in /usr/lib/x86_64-linux-gnu/libreadline.so.8.1)
==2380481==    by 0x40439A: minishell (minishell_initiate.c:48)
==2380480==    by 0x489275D: rl_bind_keyseq_if_unbound_in_map (in /usr/lib/x86_64-linux-gnu/libreadline.so.8.1)
==2380481== 
==2380480==    by 0x48A5E47: ??? (in /usr/lib/x86_64-linux-gnu/libreadline.so.8.1)
==2380480==    by 0x48A631F: _rl_init_terminal_io (in /usr/lib/x86_64-linux-gnu/libreadline.so.8.1)
==2380481== 15 bytes in 1 blocks are still reachable in loss record 9 of 66
==2380480==    by 0x4892A0F: rl_initialize (in /usr/lib/x86_64-linux-gnu/libreadline.so.8.1)
==2380481==    at 0x4848899: malloc (in /usr/libexec/valgrind/vgpreload_memcheck-amd64-linux.so)
==2380480==    by 0x4892CD4: readline (in /usr/lib/x86_64-linux-gnu/libreadline.so.8.1)
==2380481==    by 0x496D58E: strdup (strdup.c:42)
==2380480==    by 0x40439A: minishell (minishell_initiate.c:48)
==2380481==    by 0x4B098AE: _nc_setupterm (in /usr/lib/x86_64-linux-gnu/libtinfo.so.6.3)
==2380480==    by 0x40136A: main (main.c:45)
==2380481==    by 0x4B0A4C9: tgetent_sp (in /usr/lib/x86_64-linux-gnu/libtinfo.so.6.3)
==2380480== 
==2380481==    by 0x48A61CD: _rl_init_terminal_io (in /usr/lib/x86_64-linux-gnu/libreadline.so.8.1)
==2380481==    by 0x4892A0F: rl_initialize (in /usr/lib/x86_64-linux-gnu/libreadline.so.8.1)
==2380480== 8,224 bytes in 2 blocks are still reachable in loss record 55 of 66
==2380481==    by 0x4892CD4: readline (in /usr/lib/x86_64-linux-gnu/libreadline.so.8.1)
==2380480==    at 0x4848899: malloc (in /usr/libexec/valgrind/vgpreload_memcheck-amd64-linux.so)
==2380481==    by 0x40439A: minishell (minishell_initiate.c:48)
==2380480==    by 0x48AABAC: xmalloc (in /usr/lib/x86_64-linux-gnu/libreadline.so.8.1)
==2380481==    by 0x40136A: main (main.c:45)
==2380480==    by 0x4887251: rl_make_bare_keymap (in /usr/lib/x86_64-linux-gnu/libreadline.so.8.1)
==2380481== 
==2380480==    by 0x4887B6A: rl_generic_bind (in /usr/lib/x86_64-linux-gnu/libreadline.so.8.1)
==2380480==    by 0x489275D: rl_bind_keyseq_if_unbound_in_map (in /usr/lib/x86_64-linux-gnu/libreadline.so.8.1)
==2380481== 16 bytes in 1 blocks are still reachable in loss record 10 of 66
==2380480==    by 0x48A5DD5: ??? (in /usr/lib/x86_64-linux-gnu/libreadline.so.8.1)
==2380481==    at 0x4848899: malloc (in /usr/libexec/valgrind/vgpreload_memcheck-amd64-linux.so)
==2380480==    by 0x48A632B: _rl_init_terminal_io (in /usr/lib/x86_64-linux-gnu/libreadline.so.8.1)
==2380481==    by 0x4892B26: rl_initialize (in /usr/lib/x86_64-linux-gnu/libreadline.so.8.1)
==2380480==    by 0x4892A0F: rl_initialize (in /usr/lib/x86_64-linux-gnu/libreadline.so.8.1)
==2380481==    by 0x4892CD4: readline (in /usr/lib/x86_64-linux-gnu/libreadline.so.8.1)
==2380480==    by 0x4892CD4: readline (in /usr/lib/x86_64-linux-gnu/libreadline.so.8.1)
==2380481==    by 0x40439A: minishell (minishell_initiate.c:48)
==2380480==    by 0x40439A: minishell (minishell_initiate.c:48)
==2380481==    by 0x40136A: main (main.c:45)
==2380480==    by 0x40136A: main (main.c:45)
==2380481== 
==2380480== 
==2380481== 20 bytes in 1 blocks are still reachable in loss record 11 of 66
==2380480== 8,224 bytes in 2 blocks are still reachable in loss record 56 of 66
==2380481==    at 0x4848899: malloc (in /usr/libexec/valgrind/vgpreload_memcheck-amd64-linux.so)
==2380480==    at 0x4848899: malloc (in /usr/libexec/valgrind/vgpreload_memcheck-amd64-linux.so)
==2380481==    by 0x48AABAC: xmalloc (in /usr/lib/x86_64-linux-gnu/libreadline.so.8.1)
==2380480==    by 0x48AABAC: xmalloc (in /usr/lib/x86_64-linux-gnu/libreadline.so.8.1)
==2380481==    by 0x4895D8B: ??? (in /usr/lib/x86_64-linux-gnu/libreadline.so.8.1)
==2380480==    by 0x4887251: rl_make_bare_keymap (in /usr/lib/x86_64-linux-gnu/libreadline.so.8.1)
==2380481==    by 0x48986C9: rl_parse_and_bind (in /usr/lib/x86_64-linux-gnu/libreadline.so.8.1)
==2380480==    by 0x4887B6A: rl_generic_bind (in /usr/lib/x86_64-linux-gnu/libreadline.so.8.1)
==2380481==    by 0x4898B6C: ??? (in /usr/lib/x86_64-linux-gnu/libreadline.so.8.1)
==2380480==    by 0x489275D: rl_bind_keyseq_if_unbound_in_map (in /usr/lib/x86_64-linux-gnu/libreadline.so.8.1)
==2380481==    by 0x4892A38: rl_initialize (in /usr/lib/x86_64-linux-gnu/libreadline.so.8.1)
==2380480==    by 0x48A5E47: ??? (in /usr/lib/x86_64-linux-gnu/libreadline.so.8.1)
==2380481==    by 0x4892CD4: readline (in /usr/lib/x86_64-linux-gnu/libreadline.so.8.1)
==2380480==    by 0x48A632B: _rl_init_terminal_io (in /usr/lib/x86_64-linux-gnu/libreadline.so.8.1)
==2380481==    by 0x40439A: minishell (minishell_initiate.c:48)
==2380480==    by 0x4892A0F: rl_initialize (in /usr/lib/x86_64-linux-gnu/libreadline.so.8.1)
==2380481==    by 0x40136A: main (main.c:45)
==2380480==    by 0x4892CD4: readline (in /usr/lib/x86_64-linux-gnu/libreadline.so.8.1)
==2380481== 
==2380480==    by 0x40439A: minishell (minishell_initiate.c:48)
==2380480==    by 0x40136A: main (main.c:45)
==2380480== 
==2380481== 24 bytes in 1 blocks are still reachable in loss record 12 of 66
==2380480== 8,224 bytes in 2 blocks are still reachable in loss record 57 of 66
==2380481==    at 0x4848899: malloc (in /usr/libexec/valgrind/vgpreload_memcheck-amd64-linux.so)
==2380480==    at 0x4848899: malloc (in /usr/libexec/valgrind/vgpreload_memcheck-amd64-linux.so)
==2380481==    by 0x49E4F34: tsearch (tsearch.c:337)
==2380480==    by 0x48AABAC: xmalloc (in /usr/lib/x86_64-linux-gnu/libreadline.so.8.1)
==2380481==    by 0x4B01D6E: ??? (in /usr/lib/x86_64-linux-gnu/libtinfo.so.6.3)
==2380480==    by 0x4887251: rl_make_bare_keymap (in /usr/lib/x86_64-linux-gnu/libreadline.so.8.1)
==2380481==    by 0x4B05098: _nc_tiparm (in /usr/lib/x86_64-linux-gnu/libtinfo.so.6.3)
==2380480==    by 0x4887B6A: rl_generic_bind (in /usr/lib/x86_64-linux-gnu/libreadline.so.8.1)
==2380481==    by 0x4B0BC7D: ??? (in /usr/lib/x86_64-linux-gnu/libtinfo.so.6.3)
==2380480==    by 0x489275D: rl_bind_keyseq_if_unbound_in_map (in /usr/lib/x86_64-linux-gnu/libreadline.so.8.1)
==2380481==    by 0x4B0BD09: _nc_trim_sgr0 (in /usr/lib/x86_64-linux-gnu/libtinfo.so.6.3)
==2380480==    by 0x48A5DD5: ??? (in /usr/lib/x86_64-linux-gnu/libreadline.so.8.1)
==2380481==    by 0x4B0A6A8: tgetent_sp (in /usr/lib/x86_64-linux-gnu/libtinfo.so.6.3)
==2380480==    by 0x48A6337: _rl_init_terminal_io (in /usr/lib/x86_64-linux-gnu/libreadline.so.8.1)
==2380481==    by 0x48A61CD: _rl_init_terminal_io (in /usr/lib/x86_64-linux-gnu/libreadline.so.8.1)
==2380480==    by 0x4892A0F: rl_initialize (in /usr/lib/x86_64-linux-gnu/libreadline.so.8.1)
==2380481==    by 0x4892A0F: rl_initialize (in /usr/lib/x86_64-linux-gnu/libreadline.so.8.1)
==2380480==    by 0x4892CD4: readline (in /usr/lib/x86_64-linux-gnu/libreadline.so.8.1)
==2380481==    by 0x4892CD4: readline (in /usr/lib/x86_64-linux-gnu/libreadline.so.8.1)
==2380480==    by 0x40439A: minishell (minishell_initiate.c:48)
==2380481==    by 0x40439A: minishell (minishell_initiate.c:48)
==2380480==    by 0x40136A: main (main.c:45)
==2380481==    by 0x40136A: main (main.c:45)
==2380480== 
==2380481== 
==2380480== 8,224 bytes in 2 blocks are still reachable in loss record 58 of 66
==2380481== 24 bytes in 1 blocks are still reachable in loss record 13 of 66
==2380480==    at 0x4848899: malloc (in /usr/libexec/valgrind/vgpreload_memcheck-amd64-linux.so)
==2380481==    at 0x4848899: malloc (in /usr/libexec/valgrind/vgpreload_memcheck-amd64-linux.so)
==2380480==    by 0x48AABAC: xmalloc (in /usr/lib/x86_64-linux-gnu/libreadline.so.8.1)
==2380481==    by 0x48AABAC: xmalloc (in /usr/lib/x86_64-linux-gnu/libreadline.so.8.1)
==2380480==    by 0x4887251: rl_make_bare_keymap (in /usr/lib/x86_64-linux-gnu/libreadline.so.8.1)
==2380481==    by 0x48A1B1D: alloc_history_entry (in /usr/lib/x86_64-linux-gnu/libreadline.so.8.1)
==2380480==    by 0x4887B6A: rl_generic_bind (in /usr/lib/x86_64-linux-gnu/libreadline.so.8.1)
==2380481==    by 0x48A3F65: add_history (in /usr/lib/x86_64-linux-gnu/libreadline.so.8.1)
==2380480==    by 0x489275D: rl_bind_keyseq_if_unbound_in_map (in /usr/lib/x86_64-linux-gnu/libreadline.so.8.1)
==2380481==    by 0x404318: initiate_minishell (minishell_initiate.c:28)
==2380480==    by 0x48A5E47: ??? (in /usr/lib/x86_64-linux-gnu/libreadline.so.8.1)
==2380481==    by 0x4043F3: minishell (minishell_initiate.c:56)
==2380480==    by 0x48A6337: _rl_init_terminal_io (in /usr/lib/x86_64-linux-gnu/libreadline.so.8.1)
==2380481==    by 0x40136A: main (main.c:45)
==2380480==    by 0x4892A0F: rl_initialize (in /usr/lib/x86_64-linux-gnu/libreadline.so.8.1)
==2380481== 
==2380480==    by 0x4892CD4: readline (in /usr/lib/x86_64-linux-gnu/libreadline.so.8.1)
==2380480==    by 0x40439A: minishell (minishell_initiate.c:48)
==2380481== 27 bytes in 1 blocks are still reachable in loss record 14 of 66
==2380480==    by 0x40136A: main (main.c:45)
==2380481==    at 0x4848899: malloc (in /usr/libexec/valgrind/vgpreload_memcheck-amd64-linux.so)
==2380480== 
==2380481==    by 0x4AFF624: _nc_home_terminfo (in /usr/lib/x86_64-linux-gnu/libtinfo.so.6.3)
==2380480== 8,224 bytes in 2 blocks are still reachable in loss record 59 of 66
==2380481==    by 0x4AFFBE2: _nc_first_db (in /usr/lib/x86_64-linux-gnu/libtinfo.so.6.3)
==2380480==    at 0x4848899: malloc (in /usr/libexec/valgrind/vgpreload_memcheck-amd64-linux.so)
==2380481==    by 0x4B09696: _nc_read_entry2 (in /usr/lib/x86_64-linux-gnu/libtinfo.so.6.3)
==2380480==    by 0x48AABAC: xmalloc (in /usr/lib/x86_64-linux-gnu/libreadline.so.8.1)
==2380481==    by 0x4B09711: ??? (in /usr/lib/x86_64-linux-gnu/libtinfo.so.6.3)
==2380480==    by 0x4887251: rl_make_bare_keymap (in /usr/lib/x86_64-linux-gnu/libreadline.so.8.1)
==2380481==    by 0x4B09866: _nc_setupterm (in /usr/lib/x86_64-linux-gnu/libtinfo.so.6.3)
==2380480==    by 0x4887B6A: rl_generic_bind (in /usr/lib/x86_64-linux-gnu/libreadline.so.8.1)
==2380481==    by 0x4B0A4C9: tgetent_sp (in /usr/lib/x86_64-linux-gnu/libtinfo.so.6.3)
==2380480==    by 0x489275D: rl_bind_keyseq_if_unbound_in_map (in /usr/lib/x86_64-linux-gnu/libreadline.so.8.1)
==2380481==    by 0x48A61CD: _rl_init_terminal_io (in /usr/lib/x86_64-linux-gnu/libreadline.so.8.1)
==2380480==    by 0x489293D: ??? (in /usr/lib/x86_64-linux-gnu/libreadline.so.8.1)
==2380481==    by 0x4892A0F: rl_initialize (in /usr/lib/x86_64-linux-gnu/libreadline.so.8.1)
==2380480==    by 0x4892A84: rl_initialize (in /usr/lib/x86_64-linux-gnu/libreadline.so.8.1)
==2380481==    by 0x4892CD4: readline (in /usr/lib/x86_64-linux-gnu/libreadline.so.8.1)
==2380480==    by 0x4892CD4: readline (in /usr/lib/x86_64-linux-gnu/libreadline.so.8.1)
==2380481==    by 0x40439A: minishell (minishell_initiate.c:48)
==2380480==    by 0x40439A: minishell (minishell_initiate.c:48)
==2380481==    by 0x40136A: main (main.c:45)
==2380480==    by 0x40136A: main (main.c:45)
==2380481== 
==2380480== 
==2380481== 42 bytes in 1 blocks are still reachable in loss record 15 of 66
==2380480== 8,224 bytes in 2 blocks are still reachable in loss record 60 of 66
==2380481==    at 0x4848899: malloc (in /usr/libexec/valgrind/vgpreload_memcheck-amd64-linux.so)
==2380480==    at 0x4848899: malloc (in /usr/libexec/valgrind/vgpreload_memcheck-amd64-linux.so)
==2380481==    by 0x48AABAC: xmalloc (in /usr/lib/x86_64-linux-gnu/libreadline.so.8.1)
==2380480==    by 0x48AABAC: xmalloc (in /usr/lib/x86_64-linux-gnu/libreadline.so.8.1)
==2380481==    by 0x48A1B39: alloc_history_entry (in /usr/lib/x86_64-linux-gnu/libreadline.so.8.1)
==2380480==    by 0x4887251: rl_make_bare_keymap (in /usr/lib/x86_64-linux-gnu/libreadline.so.8.1)
==2380481==    by 0x48A3F65: add_history (in /usr/lib/x86_64-linux-gnu/libreadline.so.8.1)
==2380480==    by 0x4887B6A: rl_generic_bind (in /usr/lib/x86_64-linux-gnu/libreadline.so.8.1)
==2380481==    by 0x404318: initiate_minishell (minishell_initiate.c:28)
==2380480==    by 0x489275D: rl_bind_keyseq_if_unbound_in_map (in /usr/lib/x86_64-linux-gnu/libreadline.so.8.1)
==2380481==    by 0x4043F3: minishell (minishell_initiate.c:56)
==2380480==    by 0x489293D: ??? (in /usr/lib/x86_64-linux-gnu/libreadline.so.8.1)
==2380481==    by 0x40136A: main (main.c:45)
==2380480==    by 0x4892A93: rl_initialize (in /usr/lib/x86_64-linux-gnu/libreadline.so.8.1)
==2380481== 
==2380480==    by 0x4892CD4: readline (in /usr/lib/x86_64-linux-gnu/libreadline.so.8.1)
==2380480==    by 0x40439A: minishell (minishell_initiate.c:48)
==2380481== 46 bytes in 1 blocks are still reachable in loss record 16 of 66
==2380480==    by 0x40136A: main (main.c:45)
==2380481==    at 0x484DCD3: realloc (in /usr/libexec/valgrind/vgpreload_memcheck-amd64-linux.so)
==2380480== 
==2380481==    by 0x4AFE6CC: _nc_doalloc (in /usr/lib/x86_64-linux-gnu/libtinfo.so.6.3)
==2380481==    by 0x4B0916F: _nc_read_termtype (in /usr/lib/x86_64-linux-gnu/libtinfo.so.6.3)
==2380480== 8,224 bytes in 2 blocks are still reachable in loss record 61 of 66
==2380481==    by 0x4B0952A: ??? (in /usr/lib/x86_64-linux-gnu/libtinfo.so.6.3)
==2380480==    at 0x4848899: malloc (in /usr/libexec/valgrind/vgpreload_memcheck-amd64-linux.so)
==2380481==    by 0x4B0BC40: ??? (in /usr/lib/x86_64-linux-gnu/libtinfo.so.6.3)
==2380480==    by 0x48AABAC: xmalloc (in /usr/lib/x86_64-linux-gnu/libreadline.so.8.1)
==2380481==    by 0x4B096BB: _nc_read_entry2 (in /usr/lib/x86_64-linux-gnu/libtinfo.so.6.3)
==2380480==    by 0x4887251: rl_make_bare_keymap (in /usr/lib/x86_64-linux-gnu/libreadline.so.8.1)
==2380481==    by 0x4B09711: ??? (in /usr/lib/x86_64-linux-gnu/libtinfo.so.6.3)
==2380480==    by 0x4887B6A: rl_generic_bind (in /usr/lib/x86_64-linux-gnu/libreadline.so.8.1)
==2380481==    by 0x4B09866: _nc_setupterm (in /usr/lib/x86_64-linux-gnu/libtinfo.so.6.3)
==2380480==    by 0x489275D: rl_bind_keyseq_if_unbound_in_map (in /usr/lib/x86_64-linux-gnu/libreadline.so.8.1)
==2380481==    by 0x4B0A4C9: tgetent_sp (in /usr/lib/x86_64-linux-gnu/libtinfo.so.6.3)
==2380480==    by 0x489293D: ??? (in /usr/lib/x86_64-linux-gnu/libreadline.so.8.1)
==2380481==    by 0x48A61CD: _rl_init_terminal_io (in /usr/lib/x86_64-linux-gnu/libreadline.so.8.1)
==2380480==    by 0x4892AB8: rl_initialize (in /usr/lib/x86_64-linux-gnu/libreadline.so.8.1)
==2380481==    by 0x4892A0F: rl_initialize (in /usr/lib/x86_64-linux-gnu/libreadline.so.8.1)
==2380480==    by 0x4892CD4: readline (in /usr/lib/x86_64-linux-gnu/libreadline.so.8.1)
==2380481==    by 0x4892CD4: readline (in /usr/lib/x86_64-linux-gnu/libreadline.so.8.1)
==2380480==    by 0x40439A: minishell (minishell_initiate.c:48)
==2380481== 
==2380480==    by 0x40136A: main (main.c:45)
==2380480== 
==2380481== 46 bytes in 1 blocks are still reachable in loss record 17 of 66
==2380480== 8,224 bytes in 2 blocks are still reachable in loss record 62 of 66
==2380481==    at 0x4848899: malloc (in /usr/libexec/valgrind/vgpreload_memcheck-amd64-linux.so)
==2380480==    at 0x4848899: malloc (in /usr/libexec/valgrind/vgpreload_memcheck-amd64-linux.so)
==2380481==    by 0x4AFDFDE: ??? (in /usr/lib/x86_64-linux-gnu/libtinfo.so.6.3)
==2380480==    by 0x48AABAC: xmalloc (in /usr/lib/x86_64-linux-gnu/libreadline.so.8.1)
==2380481==    by 0x4B0987D: _nc_setupterm (in /usr/lib/x86_64-linux-gnu/libtinfo.so.6.3)
==2380480==    by 0x4887251: rl_make_bare_keymap (in /usr/lib/x86_64-linux-gnu/libreadline.so.8.1)
==2380481==    by 0x4B0A4C9: tgetent_sp (in /usr/lib/x86_64-linux-gnu/libtinfo.so.6.3)
==2380480==    by 0x4887B6A: rl_generic_bind (in /usr/lib/x86_64-linux-gnu/libreadline.so.8.1)
==2380481==    by 0x48A61CD: _rl_init_terminal_io (in /usr/lib/x86_64-linux-gnu/libreadline.so.8.1)
==2380480==    by 0x489275D: rl_bind_keyseq_if_unbound_in_map (in /usr/lib/x86_64-linux-gnu/libreadline.so.8.1)
==2380481==    by 0x4892A0F: rl_initialize (in /usr/lib/x86_64-linux-gnu/libreadline.so.8.1)
==2380480==    by 0x4892AD2: rl_initialize (in /usr/lib/x86_64-linux-gnu/libreadline.so.8.1)
==2380481==    by 0x4892CD4: readline (in /usr/lib/x86_64-linux-gnu/libreadline.so.8.1)
==2380480==    by 0x4892CD4: readline (in /usr/lib/x86_64-linux-gnu/libreadline.so.8.1)
==2380481==    by 0x40439A: minishell (minishell_initiate.c:48)
==2380480==    by 0x40439A: minishell (minishell_initiate.c:48)
==2380481==    by 0x40136A: main (main.c:45)
==2380480==    by 0x40136A: main (main.c:45)
==2380481== 
==2380480== 
==2380481== 48 bytes in 1 blocks are still reachable in loss record 18 of 66
==2380480== 8,224 bytes in 2 blocks are still reachable in loss record 63 of 66
==2380481==    at 0x484DA83: calloc (in /usr/libexec/valgrind/vgpreload_memcheck-amd64-linux.so)
==2380480==    at 0x4848899: malloc (in /usr/libexec/valgrind/vgpreload_memcheck-amd64-linux.so)
==2380481==    by 0x4AFF833: _nc_first_db (in /usr/lib/x86_64-linux-gnu/libtinfo.so.6.3)
==2380480==    by 0x48AABAC: xmalloc (in /usr/lib/x86_64-linux-gnu/libreadline.so.8.1)
==2380481==    by 0x4B09696: _nc_read_entry2 (in /usr/lib/x86_64-linux-gnu/libtinfo.so.6.3)
==2380480==    by 0x4887251: rl_make_bare_keymap (in /usr/lib/x86_64-linux-gnu/libreadline.so.8.1)
==2380481==    by 0x4B09711: ??? (in /usr/lib/x86_64-linux-gnu/libtinfo.so.6.3)
==2380480==    by 0x4887B6A: rl_generic_bind (in /usr/lib/x86_64-linux-gnu/libreadline.so.8.1)
==2380481==    by 0x4B09866: _nc_setupterm (in /usr/lib/x86_64-linux-gnu/libtinfo.so.6.3)
==2380480==    by 0x489275D: rl_bind_keyseq_if_unbound_in_map (in /usr/lib/x86_64-linux-gnu/libreadline.so.8.1)
==2380481==    by 0x4B0A4C9: tgetent_sp (in /usr/lib/x86_64-linux-gnu/libtinfo.so.6.3)
==2380480==    by 0x4892AE1: rl_initialize (in /usr/lib/x86_64-linux-gnu/libreadline.so.8.1)
==2380481==    by 0x48A61CD: _rl_init_terminal_io (in /usr/lib/x86_64-linux-gnu/libreadline.so.8.1)
==2380480==    by 0x4892CD4: readline (in /usr/lib/x86_64-linux-gnu/libreadline.so.8.1)
==2380481==    by 0x4892A0F: rl_initialize (in /usr/lib/x86_64-linux-gnu/libreadline.so.8.1)
==2380480==    by 0x40439A: minishell (minishell_initiate.c:48)
==2380481==    by 0x4892CD4: readline (in /usr/lib/x86_64-linux-gnu/libreadline.so.8.1)
==2380480==    by 0x40136A: main (main.c:45)
==2380481==    by 0x40439A: minishell (minishell_initiate.c:48)
==2380480== 
==2380481==    by 0x40136A: main (main.c:45)
==2380481== 
==2380480== 12,336 bytes in 3 blocks are still reachable in loss record 64 of 66
==2380481== 78 bytes in 1 blocks are still reachable in loss record 19 of 66
==2380480==    at 0x4848899: malloc (in /usr/libexec/valgrind/vgpreload_memcheck-amd64-linux.so)
==2380481==    at 0x4848899: malloc (in /usr/libexec/valgrind/vgpreload_memcheck-amd64-linux.so)
==2380480==    by 0x48AABAC: xmalloc (in /usr/lib/x86_64-linux-gnu/libreadline.so.8.1)
==2380481==    by 0x4AFE04B: ??? (in /usr/lib/x86_64-linux-gnu/libtinfo.so.6.3)
==2380480==    by 0x4887251: rl_make_bare_keymap (in /usr/lib/x86_64-linux-gnu/libreadline.so.8.1)
==2380481==    by 0x4B0987D: _nc_setupterm (in /usr/lib/x86_64-linux-gnu/libtinfo.so.6.3)
==2380480==    by 0x4887B6A: rl_generic_bind (in /usr/lib/x86_64-linux-gnu/libreadline.so.8.1)
==2380481==    by 0x4B0A4C9: tgetent_sp (in /usr/lib/x86_64-linux-gnu/libtinfo.so.6.3)
==2380480==    by 0x489275D: rl_bind_keyseq_if_unbound_in_map (in /usr/lib/x86_64-linux-gnu/libreadline.so.8.1)
==2380481==    by 0x48A61CD: _rl_init_terminal_io (in /usr/lib/x86_64-linux-gnu/libreadline.so.8.1)
==2380480==    by 0x4892914: ??? (in /usr/lib/x86_64-linux-gnu/libreadline.so.8.1)
==2380481==    by 0x4892A0F: rl_initialize (in /usr/lib/x86_64-linux-gnu/libreadline.so.8.1)
==2380480==    by 0x4892A93: rl_initialize (in /usr/lib/x86_64-linux-gnu/libreadline.so.8.1)
==2380481==    by 0x4892CD4: readline (in /usr/lib/x86_64-linux-gnu/libreadline.so.8.1)
==2380480==    by 0x4892CD4: readline (in /usr/lib/x86_64-linux-gnu/libreadline.so.8.1)
==2380481==    by 0x40439A: minishell (minishell_initiate.c:48)
==2380480==    by 0x40439A: minishell (minishell_initiate.c:48)
==2380481==    by 0x40136A: main (main.c:45)
==2380480==    by 0x40136A: main (main.c:45)
==2380481== 
==2380480== 
==2380481== 93 bytes in 1 blocks are still reachable in loss record 20 of 66
==2380480== 12,336 bytes in 3 blocks are still reachable in loss record 65 of 66
==2380481==    at 0x4848899: malloc (in /usr/libexec/valgrind/vgpreload_memcheck-amd64-linux.so)
==2380480==    at 0x4848899: malloc (in /usr/libexec/valgrind/vgpreload_memcheck-amd64-linux.so)
==2380481==    by 0x496D58E: strdup (strdup.c:42)
==2380480==    by 0x48AABAC: xmalloc (in /usr/lib/x86_64-linux-gnu/libreadline.so.8.1)
==2380481==    by 0x4B01D54: ??? (in /usr/lib/x86_64-linux-gnu/libtinfo.so.6.3)
==2380480==    by 0x4887251: rl_make_bare_keymap (in /usr/lib/x86_64-linux-gnu/libreadline.so.8.1)
==2380481==    by 0x4B05098: _nc_tiparm (in /usr/lib/x86_64-linux-gnu/libtinfo.so.6.3)
==2380480==    by 0x4887B6A: rl_generic_bind (in /usr/lib/x86_64-linux-gnu/libreadline.so.8.1)
==2380481==    by 0x4B0BC7D: ??? (in /usr/lib/x86_64-linux-gnu/libtinfo.so.6.3)
==2380480==    by 0x489275D: rl_bind_keyseq_if_unbound_in_map (in /usr/lib/x86_64-linux-gnu/libreadline.so.8.1)
==2380481==    by 0x4B0BD09: _nc_trim_sgr0 (in /usr/lib/x86_64-linux-gnu/libtinfo.so.6.3)
==2380480==    by 0x4892914: ??? (in /usr/lib/x86_64-linux-gnu/libreadline.so.8.1)
==2380481==    by 0x4B0A6A8: tgetent_sp (in /usr/lib/x86_64-linux-gnu/libtinfo.so.6.3)
==2380480==    by 0x4892AB8: rl_initialize (in /usr/lib/x86_64-linux-gnu/libreadline.so.8.1)
==2380481==    by 0x48A61CD: _rl_init_terminal_io (in /usr/lib/x86_64-linux-gnu/libreadline.so.8.1)
==2380480==    by 0x4892CD4: readline (in /usr/lib/x86_64-linux-gnu/libreadline.so.8.1)
==2380481==    by 0x4892A0F: rl_initialize (in /usr/lib/x86_64-linux-gnu/libreadline.so.8.1)
==2380480==    by 0x40439A: minishell (minishell_initiate.c:48)
==2380481==    by 0x4892CD4: readline (in /usr/lib/x86_64-linux-gnu/libreadline.so.8.1)
==2380480==    by 0x40136A: main (main.c:45)
==2380481==    by 0x40439A: minishell (minishell_initiate.c:48)
==2380480== 
==2380481==    by 0x40136A: main (main.c:45)
==2380481== 
==2380480== 28,784 bytes in 7 blocks are still reachable in loss record 66 of 66
==2380481== 94 bytes in 1 blocks are still reachable in loss record 21 of 66
==2380480==    at 0x4848899: malloc (in /usr/libexec/valgrind/vgpreload_memcheck-amd64-linux.so)
==2380481==    at 0x4848899: malloc (in /usr/libexec/valgrind/vgpreload_memcheck-amd64-linux.so)
==2380480==    by 0x48AABAC: xmalloc (in /usr/lib/x86_64-linux-gnu/libreadline.so.8.1)
==2380481==    by 0x4B0195B: _nc_tparm_analyze (in /usr/lib/x86_64-linux-gnu/libtinfo.so.6.3)
==2380480==    by 0x4887251: rl_make_bare_keymap (in /usr/lib/x86_64-linux-gnu/libreadline.so.8.1)
==2380481==    by 0x4B01C62: ??? (in /usr/lib/x86_64-linux-gnu/libtinfo.so.6.3)
==2380480==    by 0x4887B6A: rl_generic_bind (in /usr/lib/x86_64-linux-gnu/libreadline.so.8.1)
==2380481==    by 0x4B05098: _nc_tiparm (in /usr/lib/x86_64-linux-gnu/libtinfo.so.6.3)
==2380480==    by 0x489899E: rl_parse_and_bind (in /usr/lib/x86_64-linux-gnu/libreadline.so.8.1)
==2380481==    by 0x4B0BC7D: ??? (in /usr/lib/x86_64-linux-gnu/libtinfo.so.6.3)
==2380480==    by 0x4898B6C: ??? (in /usr/lib/x86_64-linux-gnu/libreadline.so.8.1)
==2380481==    by 0x4B0BD09: _nc_trim_sgr0 (in /usr/lib/x86_64-linux-gnu/libtinfo.so.6.3)
==2380480==    by 0x4892A38: rl_initialize (in /usr/lib/x86_64-linux-gnu/libreadline.so.8.1)
==2380481==    by 0x4B0A6A8: tgetent_sp (in /usr/lib/x86_64-linux-gnu/libtinfo.so.6.3)
==2380480==    by 0x4892CD4: readline (in /usr/lib/x86_64-linux-gnu/libreadline.so.8.1)
==2380481==    by 0x48A61CD: _rl_init_terminal_io (in /usr/lib/x86_64-linux-gnu/libreadline.so.8.1)
==2380480==    by 0x40439A: minishell (minishell_initiate.c:48)
==2380481==    by 0x4892A0F: rl_initialize (in /usr/lib/x86_64-linux-gnu/libreadline.so.8.1)
==2380480==    by 0x40136A: main (main.c:45)
==2380481==    by 0x4892CD4: readline (in /usr/lib/x86_64-linux-gnu/libreadline.so.8.1)
==2380480== 
==2380481==    by 0x40439A: minishell (minishell_initiate.c:48)
==2380480== LEAK SUMMARY:
==2380481==    by 0x40136A: main (main.c:45)
==2380480==    definitely lost: 0 bytes in 0 blocks
==2380481== 
==2380480==    indirectly lost: 0 bytes in 0 blocks
==2380480==      possibly lost: 0 bytes in 0 blocks
==2380481== 96 bytes in 1 blocks are still reachable in loss record 22 of 66
==2380480==    still reachable: 208,261 bytes in 225 blocks
==2380481==    at 0x4848899: malloc (in /usr/libexec/valgrind/vgpreload_memcheck-amd64-linux.so)
==2380480==         suppressed: 0 bytes in 0 blocks
==2380481==    by 0x4AFF79A: _nc_first_db (in /usr/lib/x86_64-linux-gnu/libtinfo.so.6.3)
==2380480== 
==2380481==    by 0x4B09696: _nc_read_entry2 (in /usr/lib/x86_64-linux-gnu/libtinfo.so.6.3)
==2380480== ERROR SUMMARY: 0 errors from 0 contexts (suppressed: 0 from 0)
==2380481==    by 0x4B09711: ??? (in /usr/lib/x86_64-linux-gnu/libtinfo.so.6.3)
==2380481==    by 0x4B09866: _nc_setupterm (in /usr/lib/x86_64-linux-gnu/libtinfo.so.6.3)
==2380481==    by 0x4B0A4C9: tgetent_sp (in /usr/lib/x86_64-linux-gnu/libtinfo.so.6.3)
==2380481==    by 0x48A61CD: _rl_init_terminal_io (in /usr/lib/x86_64-linux-gnu/libreadline.so.8.1)
==2380481==    by 0x4892A0F: rl_initialize (in /usr/lib/x86_64-linux-gnu/libreadline.so.8.1)
==2380481==    by 0x4892CD4: readline (in /usr/lib/x86_64-linux-gnu/libreadline.so.8.1)
==2380481==    by 0x40439A: minishell (minishell_initiate.c:48)
==2380481==    by 0x40136A: main (main.c:45)
==2380481== 
==2380481== 156 bytes in 1 blocks are still reachable in loss record 23 of 66
==2380481==    at 0x484DCD3: realloc (in /usr/libexec/valgrind/vgpreload_memcheck-amd64-linux.so)
==2380481==    by 0x4AFE6CC: _nc_doalloc (in /usr/lib/x86_64-linux-gnu/libtinfo.so.6.3)
==2380481==    by 0x4B09197: _nc_read_termtype (in /usr/lib/x86_64-linux-gnu/libtinfo.so.6.3)
==2380481==    by 0x4B0952A: ??? (in /usr/lib/x86_64-linux-gnu/libtinfo.so.6.3)
==2380481==    by 0x4B0BC40: ??? (in /usr/lib/x86_64-linux-gnu/libtinfo.so.6.3)
==2380481==    by 0x4B096BB: _nc_read_entry2 (in /usr/lib/x86_64-linux-gnu/libtinfo.so.6.3)
==2380481==    by 0x4B09711: ??? (in /usr/lib/x86_64-linux-gnu/libtinfo.so.6.3)
==2380481==    by 0x4B09866: _nc_setupterm (in /usr/lib/x86_64-linux-gnu/libtinfo.so.6.3)
==2380481==    by 0x4B0A4C9: tgetent_sp (in /usr/lib/x86_64-linux-gnu/libtinfo.so.6.3)
